// Jest Snapshot v1, https://goo.gl/fbAQLP

exports[`<Consumer /> returns a device object 1`] = `ReactWrapper {}`;
